// Jest Snapshot v1, https://goo.gl/fbAQLP

exports[`LoadMoreBtn component Matches snapshot 1`] = `ShallowWrapper {}`;
