// Jest Snapshot v1, https://goo.gl/fbAQLP

exports[`Game component Matches snapshot 1`] = `ShallowWrapper {}`;
