// Jest Snapshot v1, https://goo.gl/fbAQLP

exports[`RadioButtons component Matches snapshot 1`] = `ShallowWrapper {}`;
